// Jest Snapshot v1, https://goo.gl/fbAQLP

exports[`ExpenseListItem - render 1 list 1`] = `
<tr>
  <td>
    ID 
    0f0gj3bouwouf
  </td>
  <td>
    Rented car
  </td>
  <td>
    $143.16
  </td>
  <td>
    2017-10-05
  </td>
  <td>
    <Link
      replace={false}
      to="/edit/0f0gj3bouwouf"
    >
      Edit
    </Link>
  </td>
</tr>
`;
